=== Module: 88_huffman_coding ===
Start Time: 2026-05-08 08:10:42.084
------------------------------------------
--- Huffman Coding Laboratory ---
[BENCH] Huffman Tree & Code Generation:       240478 ns
[METRICS] Unique Characters: 18
  ' ': 0000000
  a: 1
  c: 0111
  d: 000110
  e: 0000011
  f: 01100
  g: 0101
  h: 0000001
  i: 00010
  m: 01101
  n: 0100
  o: 0000010
  p: 000011
  r: 00001001
  s: 00001000
  t: 001
  u: 000111
  x: 0000101
[QoR] Huffman Metadata               | Memory:        288 bytes
------------------------------------------
End Time: 2026-05-08 08:10:42.233
Total Execution Time: 163ms
Status: SUCCESS
